// Jest Snapshot v1, https://goo.gl/fbAQLP

exports[`Should render LoginPage 1`] = `
<div>
  Don't have an account? Login here!
  <button>
    Login
  </button>
</div>
`;
